..........FFFFFFFF.........F.                                            [100%]
================================== FAILURES ===================================
__________________ TestMcpClient.test_connect_and_initialize __________________

self = <test_mcp_client.TestMcpClient object at 0x000001F0398B51D0>
mcp_server = ('127.0.0.1:50607', 'C:\\Users\\ancku\\AppData\\Local\\Temp\\tmpblbs6huc.redb', 'test-token')

    def test_connect_and_initialize(self, mcp_server):
        host_port, _, token = mcp_server
        host, _, port = host_port.partition(":")
>       c = McpClient(host, int(port), token).connect()
            ^^^^^^^^^^^^^^^^^^^^^^^^^^^^^^^^^^^^^^^^^^^

crates\sdk\python\tests\test_mcp_client.py:77: 
_ _ _ _ _ _ _ _ _ _ _ _ _ _ _ _ _ _ _ _ _ _ _ _ _ _ _ _ _ _ _ _ _ _ _ _ _ _ _ _
crates\sdk\python\python\aikoql\mcp_client.py:61: in connect
    self._sock = socket.create_connection((self.host, self.port), timeout=timeout)
                 ^^^^^^^^^^^^^^^^^^^^^^^^^^^^^^^^^^^^^^^^^^^^^^^^^^^^^^^^^^^^^^^^^
C:\Python314\Lib\socket.py:870: in create_connection
    raise exceptions[0]
_ _ _ _ _ _ _ _ _ _ _ _ _ _ _ _ _ _ _ _ _ _ _ _ _ _ _ _ _ _ _ _ _ _ _ _ _ _ _ _

address = ('127.0.0.1', 50607), timeout = 5.0, source_address = None
all_errors = False

    def create_connection(address, timeout=_GLOBAL_DEFAULT_TIMEOUT,
                          source_address=None, *, all_errors=False):
        """Connect to *address* and return the socket object.
    
        Convenience function.  Connect to *address* (a 2-tuple ``(host,
        port)``) and return the socket object.  Passing the optional
        *timeout* parameter will set the timeout on the socket instance
        before attempting to connect.  If no *timeout* is supplied, the
        global default timeout setting returned by :func:`getdefaulttimeout`
        is used.  If *source_address* is set it must be a tuple of (host, port)
        for the socket to bind as a source address before making the connection.
        A host of '' or port 0 tells the OS to use the default. When a connection
        cannot be created, raises the last error if *all_errors* is False,
        and an ExceptionGroup of all errors if *all_errors* is True.
        """
    
        host, port = address
        exceptions = []
        for res in getaddrinfo(host, port, 0, SOCK_STREAM):
            af, socktype, proto, canonname, sa = res
            sock = None
            try:
                sock = socket(af, socktype, proto)
                if timeout is not _GLOBAL_DEFAULT_TIMEOUT:
                    sock.settimeout(timeout)
                if source_address:
                    sock.bind(source_address)
>               sock.connect(sa)
E               ConnectionRefusedError: [WinError 10061] No connection could be made because the target machine actively refused it

C:\Python314\Lib\socket.py:855: ConnectionRefusedError
_____________________ TestMcpClient.test_remember_and_get _____________________

self = <test_mcp_client.TestMcpClient object at 0x000001F0398B5310>
mcp_server = ('127.0.0.1:50611', 'C:\\Users\\ancku\\AppData\\Local\\Temp\\tmpne8_tykn.redb', 'test-token')

    def test_remember_and_get(self, mcp_server):
        host_port, _, token = mcp_server
        host, _, port = host_port.partition(":")
>       c = McpClient(host, int(port), token).connect()
            ^^^^^^^^^^^^^^^^^^^^^^^^^^^^^^^^^^^^^^^^^^^

crates\sdk\python\tests\test_mcp_client.py:88: 
_ _ _ _ _ _ _ _ _ _ _ _ _ _ _ _ _ _ _ _ _ _ _ _ _ _ _ _ _ _ _ _ _ _ _ _ _ _ _ _
crates\sdk\python\python\aikoql\mcp_client.py:61: in connect
    self._sock = socket.create_connection((self.host, self.port), timeout=timeout)
                 ^^^^^^^^^^^^^^^^^^^^^^^^^^^^^^^^^^^^^^^^^^^^^^^^^^^^^^^^^^^^^^^^^
C:\Python314\Lib\socket.py:870: in create_connection
    raise exceptions[0]
_ _ _ _ _ _ _ _ _ _ _ _ _ _ _ _ _ _ _ _ _ _ _ _ _ _ _ _ _ _ _ _ _ _ _ _ _ _ _ _

address = ('127.0.0.1', 50611), timeout = 5.0, source_address = None
all_errors = False

    def create_connection(address, timeout=_GLOBAL_DEFAULT_TIMEOUT,
                          source_address=None, *, all_errors=False):
        """Connect to *address* and return the socket object.
    
        Convenience function.  Connect to *address* (a 2-tuple ``(host,
        port)``) and return the socket object.  Passing the optional
        *timeout* parameter will set the timeout on the socket instance
        before attempting to connect.  If no *timeout* is supplied, the
        global default timeout setting returned by :func:`getdefaulttimeout`
        is used.  If *source_address* is set it must be a tuple of (host, port)
        for the socket to bind as a source address before making the connection.
        A host of '' or port 0 tells the OS to use the default. When a connection
        cannot be created, raises the last error if *all_errors* is False,
        and an ExceptionGroup of all errors if *all_errors* is True.
        """
    
        host, port = address
        exceptions = []
        for res in getaddrinfo(host, port, 0, SOCK_STREAM):
            af, socktype, proto, canonname, sa = res
            sock = None
            try:
                sock = socket(af, socktype, proto)
                if timeout is not _GLOBAL_DEFAULT_TIMEOUT:
                    sock.settimeout(timeout)
                if source_address:
                    sock.bind(source_address)
>               sock.connect(sa)
E               ConnectionRefusedError: [WinError 10061] No connection could be made because the target machine actively refused it

C:\Python314\Lib\socket.py:855: ConnectionRefusedError
_____________________ TestMcpClient.test_session_identity _____________________

self = <test_mcp_client.TestMcpClient object at 0x000001F039903230>
mcp_server = ('127.0.0.1:50615', 'C:\\Users\\ancku\\AppData\\Local\\Temp\\tmpub9npmeu.redb', 'test-token')

    def test_session_identity(self, mcp_server):
        host_port, _, token = mcp_server
        host, _, port = host_port.partition(":")
>       c = McpClient(host, int(port), token).connect()
            ^^^^^^^^^^^^^^^^^^^^^^^^^^^^^^^^^^^^^^^^^^^

crates\sdk\python\tests\test_mcp_client.py:105: 
_ _ _ _ _ _ _ _ _ _ _ _ _ _ _ _ _ _ _ _ _ _ _ _ _ _ _ _ _ _ _ _ _ _ _ _ _ _ _ _
crates\sdk\python\python\aikoql\mcp_client.py:61: in connect
    self._sock = socket.create_connection((self.host, self.port), timeout=timeout)
                 ^^^^^^^^^^^^^^^^^^^^^^^^^^^^^^^^^^^^^^^^^^^^^^^^^^^^^^^^^^^^^^^^^
C:\Python314\Lib\socket.py:870: in create_connection
    raise exceptions[0]
_ _ _ _ _ _ _ _ _ _ _ _ _ _ _ _ _ _ _ _ _ _ _ _ _ _ _ _ _ _ _ _ _ _ _ _ _ _ _ _

address = ('127.0.0.1', 50615), timeout = 5.0, source_address = None
all_errors = False

    def create_connection(address, timeout=_GLOBAL_DEFAULT_TIMEOUT,
                          source_address=None, *, all_errors=False):
        """Connect to *address* and return the socket object.
    
        Convenience function.  Connect to *address* (a 2-tuple ``(host,
        port)``) and return the socket object.  Passing the optional
        *timeout* parameter will set the timeout on the socket instance
        before attempting to connect.  If no *timeout* is supplied, the
        global default timeout setting returned by :func:`getdefaulttimeout`
        is used.  If *source_address* is set it must be a tuple of (host, port)
        for the socket to bind as a source address before making the connection.
        A host of '' or port 0 tells the OS to use the default. When a connection
        cannot be created, raises the last error if *all_errors* is False,
        and an ExceptionGroup of all errors if *all_errors* is True.
        """
    
        host, port = address
        exceptions = []
        for res in getaddrinfo(host, port, 0, SOCK_STREAM):
            af, socktype, proto, canonname, sa = res
            sock = None
            try:
                sock = socket(af, socktype, proto)
                if timeout is not _GLOBAL_DEFAULT_TIMEOUT:
                    sock.settimeout(timeout)
                if source_address:
                    sock.bind(source_address)
>               sock.connect(sa)
E               ConnectionRefusedError: [WinError 10061] No connection could be made because the target machine actively refused it

C:\Python314\Lib\socket.py:855: ConnectionRefusedError
__________________________ TestMcpClient.test_health __________________________

self = <test_mcp_client.TestMcpClient object at 0x000001F039903360>
mcp_server = ('127.0.0.1:50621', 'C:\\Users\\ancku\\AppData\\Local\\Temp\\tmp5caoz3_9.redb', 'test-token')

    def test_health(self, mcp_server):
        host_port, _, token = mcp_server
        host, _, port = host_port.partition(":")
>       c = McpClient(host, int(port), token).connect()
            ^^^^^^^^^^^^^^^^^^^^^^^^^^^^^^^^^^^^^^^^^^^

crates\sdk\python\tests\test_mcp_client.py:126: 
_ _ _ _ _ _ _ _ _ _ _ _ _ _ _ _ _ _ _ _ _ _ _ _ _ _ _ _ _ _ _ _ _ _ _ _ _ _ _ _
crates\sdk\python\python\aikoql\mcp_client.py:61: in connect
    self._sock = socket.create_connection((self.host, self.port), timeout=timeout)
                 ^^^^^^^^^^^^^^^^^^^^^^^^^^^^^^^^^^^^^^^^^^^^^^^^^^^^^^^^^^^^^^^^^
C:\Python314\Lib\socket.py:870: in create_connection
    raise exceptions[0]
_ _ _ _ _ _ _ _ _ _ _ _ _ _ _ _ _ _ _ _ _ _ _ _ _ _ _ _ _ _ _ _ _ _ _ _ _ _ _ _

address = ('127.0.0.1', 50621), timeout = 5.0, source_address = None
all_errors = False

    def create_connection(address, timeout=_GLOBAL_DEFAULT_TIMEOUT,
                          source_address=None, *, all_errors=False):
        """Connect to *address* and return the socket object.
    
        Convenience function.  Connect to *address* (a 2-tuple ``(host,
        port)``) and return the socket object.  Passing the optional
        *timeout* parameter will set the timeout on the socket instance
        before attempting to connect.  If no *timeout* is supplied, the
        global default timeout setting returned by :func:`getdefaulttimeout`
        is used.  If *source_address* is set it must be a tuple of (host, port)
        for the socket to bind as a source address before making the connection.
        A host of '' or port 0 tells the OS to use the default. When a connection
        cannot be created, raises the last error if *all_errors* is False,
        and an ExceptionGroup of all errors if *all_errors* is True.
        """
    
        host, port = address
        exceptions = []
        for res in getaddrinfo(host, port, 0, SOCK_STREAM):
            af, socktype, proto, canonname, sa = res
            sock = None
            try:
                sock = socket(af, socktype, proto)
                if timeout is not _GLOBAL_DEFAULT_TIMEOUT:
                    sock.settimeout(timeout)
                if source_address:
                    sock.bind(source_address)
>               sock.connect(sa)
E               ConnectionRefusedError: [WinError 10061] No connection could be made because the target machine actively refused it

C:\Python314\Lib\socket.py:855: ConnectionRefusedError
_____________________ TestMcpClient.test_structured_error _____________________

self = <test_mcp_client.TestMcpClient object at 0x000001F03982EC30>
mcp_server = ('127.0.0.1:50623', 'C:\\Users\\ancku\\AppData\\Local\\Temp\\tmpfkvii9ew.redb', 'test-token')

    def test_structured_error(self, mcp_server):
        host_port, _, token = mcp_server
        host, _, port = host_port.partition(":")
>       c = McpClient(host, int(port), token).connect()
            ^^^^^^^^^^^^^^^^^^^^^^^^^^^^^^^^^^^^^^^^^^^

crates\sdk\python\tests\test_mcp_client.py:140: 
_ _ _ _ _ _ _ _ _ _ _ _ _ _ _ _ _ _ _ _ _ _ _ _ _ _ _ _ _ _ _ _ _ _ _ _ _ _ _ _
crates\sdk\python\python\aikoql\mcp_client.py:61: in connect
    self._sock = socket.create_connection((self.host, self.port), timeout=timeout)
                 ^^^^^^^^^^^^^^^^^^^^^^^^^^^^^^^^^^^^^^^^^^^^^^^^^^^^^^^^^^^^^^^^^
C:\Python314\Lib\socket.py:870: in create_connection
    raise exceptions[0]
_ _ _ _ _ _ _ _ _ _ _ _ _ _ _ _ _ _ _ _ _ _ _ _ _ _ _ _ _ _ _ _ _ _ _ _ _ _ _ _

address = ('127.0.0.1', 50623), timeout = 5.0, source_address = None
all_errors = False

    def create_connection(address, timeout=_GLOBAL_DEFAULT_TIMEOUT,
                          source_address=None, *, all_errors=False):
        """Connect to *address* and return the socket object.
    
        Convenience function.  Connect to *address* (a 2-tuple ``(host,
        port)``) and return the socket object.  Passing the optional
        *timeout* parameter will set the timeout on the socket instance
        before attempting to connect.  If no *timeout* is supplied, the
        global default timeout setting returned by :func:`getdefaulttimeout`
        is used.  If *source_address* is set it must be a tuple of (host, port)
        for the socket to bind as a source address before making the connection.
        A host of '' or port 0 tells the OS to use the default. When a connection
        cannot be created, raises the last error if *all_errors* is False,
        and an ExceptionGroup of all errors if *all_errors* is True.
        """
    
        host, port = address
        exceptions = []
        for res in getaddrinfo(host, port, 0, SOCK_STREAM):
            af, socktype, proto, canonname, sa = res
            sock = None
            try:
                sock = socket(af, socktype, proto)
                if timeout is not _GLOBAL_DEFAULT_TIMEOUT:
                    sock.settimeout(timeout)
                if source_address:
                    sock.bind(source_address)
>               sock.connect(sa)
E               ConnectionRefusedError: [WinError 10061] No connection could be made because the target machine actively refused it

C:\Python314\Lib\socket.py:855: ConnectionRefusedError
_______________ TestAgentUnified.test_agent_connect_server_mode _______________

self = <test_mcp_client.TestAgentUnified object at 0x000001F0398B5450>
mcp_server = ('127.0.0.1:50632', 'C:\\Users\\ancku\\AppData\\Local\\Temp\\tmp6iy_kqb9.redb', 'test-token')

    def test_agent_connect_server_mode(self, mcp_server):
        host_port, db_path, token = mcp_server
>       a = Agent.connect(host_port, token=token)
            ^^^^^^^^^^^^^^^^^^^^^^^^^^^^^^^^^^^^^

crates\sdk\python\tests\test_mcp_client.py:158: 
_ _ _ _ _ _ _ _ _ _ _ _ _ _ _ _ _ _ _ _ _ _ _ _ _ _ _ _ _ _ _ _ _ _ _ _ _ _ _ _
crates\sdk\python\python\aikoql\agent.py:64: in connect
    agent._backend = McpClient(host, int(port), kwargs.get("token")).connect(timeout=kwargs.get("timeout", 5.0))
                     ^^^^^^^^^^^^^^^^^^^^^^^^^^^^^^^^^^^^^^^^^^^^^^^^^^^^^^^^^^^^^^^^^^^^^^^^^^^^^^^^^^^^^^^^^^^
crates\sdk\python\python\aikoql\mcp_client.py:61: in connect
    self._sock = socket.create_connection((self.host, self.port), timeout=timeout)
                 ^^^^^^^^^^^^^^^^^^^^^^^^^^^^^^^^^^^^^^^^^^^^^^^^^^^^^^^^^^^^^^^^^
C:\Python314\Lib\socket.py:870: in create_connection
    raise exceptions[0]
_ _ _ _ _ _ _ _ _ _ _ _ _ _ _ _ _ _ _ _ _ _ _ _ _ _ _ _ _ _ _ _ _ _ _ _ _ _ _ _

address = ('127.0.0.1', 50632), timeout = 5.0, source_address = None
all_errors = False

    def create_connection(address, timeout=_GLOBAL_DEFAULT_TIMEOUT,
                          source_address=None, *, all_errors=False):
        """Connect to *address* and return the socket object.
    
        Convenience function.  Connect to *address* (a 2-tuple ``(host,
        port)``) and return the socket object.  Passing the optional
        *timeout* parameter will set the timeout on the socket instance
        before attempting to connect.  If no *timeout* is supplied, the
        global default timeout setting returned by :func:`getdefaulttimeout`
        is used.  If *source_address* is set it must be a tuple of (host, port)
        for the socket to bind as a source address before making the connection.
        A host of '' or port 0 tells the OS to use the default. When a connection
        cannot be created, raises the last error if *all_errors* is False,
        and an ExceptionGroup of all errors if *all_errors* is True.
        """
    
        host, port = address
        exceptions = []
        for res in getaddrinfo(host, port, 0, SOCK_STREAM):
            af, socktype, proto, canonname, sa = res
            sock = None
            try:
                sock = socket(af, socktype, proto)
                if timeout is not _GLOBAL_DEFAULT_TIMEOUT:
                    sock.settimeout(timeout)
                if source_address:
                    sock.bind(source_address)
>               sock.connect(sa)
E               ConnectionRefusedError: [WinError 10061] No connection could be made because the target machine actively refused it

C:\Python314\Lib\socket.py:855: ConnectionRefusedError
_____________________ TestAgentUnified.test_agent_health ______________________

self = <test_mcp_client.TestAgentUnified object at 0x000001F0398B5590>
mcp_server = ('127.0.0.1:50637', 'C:\\Users\\ancku\\AppData\\Local\\Temp\\tmpypo9ffm5.redb', 'test-token')

    def test_agent_health(self, mcp_server):
        host_port, _, token = mcp_server
>       a = Agent.connect(host_port, token=token)
            ^^^^^^^^^^^^^^^^^^^^^^^^^^^^^^^^^^^^^

crates\sdk\python\tests\test_mcp_client.py:170: 
_ _ _ _ _ _ _ _ _ _ _ _ _ _ _ _ _ _ _ _ _ _ _ _ _ _ _ _ _ _ _ _ _ _ _ _ _ _ _ _
crates\sdk\python\python\aikoql\agent.py:64: in connect
    agent._backend = McpClient(host, int(port), kwargs.get("token")).connect(timeout=kwargs.get("timeout", 5.0))
                     ^^^^^^^^^^^^^^^^^^^^^^^^^^^^^^^^^^^^^^^^^^^^^^^^^^^^^^^^^^^^^^^^^^^^^^^^^^^^^^^^^^^^^^^^^^^
crates\sdk\python\python\aikoql\mcp_client.py:61: in connect
    self._sock = socket.create_connection((self.host, self.port), timeout=timeout)
                 ^^^^^^^^^^^^^^^^^^^^^^^^^^^^^^^^^^^^^^^^^^^^^^^^^^^^^^^^^^^^^^^^^
C:\Python314\Lib\socket.py:870: in create_connection
    raise exceptions[0]
_ _ _ _ _ _ _ _ _ _ _ _ _ _ _ _ _ _ _ _ _ _ _ _ _ _ _ _ _ _ _ _ _ _ _ _ _ _ _ _

address = ('127.0.0.1', 50637), timeout = 5.0, source_address = None
all_errors = False

    def create_connection(address, timeout=_GLOBAL_DEFAULT_TIMEOUT,
                          source_address=None, *, all_errors=False):
        """Connect to *address* and return the socket object.
    
        Convenience function.  Connect to *address* (a 2-tuple ``(host,
        port)``) and return the socket object.  Passing the optional
        *timeout* parameter will set the timeout on the socket instance
        before attempting to connect.  If no *timeout* is supplied, the
        global default timeout setting returned by :func:`getdefaulttimeout`
        is used.  If *source_address* is set it must be a tuple of (host, port)
        for the socket to bind as a source address before making the connection.
        A host of '' or port 0 tells the OS to use the default. When a connection
        cannot be created, raises the last error if *all_errors* is False,
        and an ExceptionGroup of all errors if *all_errors* is True.
        """
    
        host, port = address
        exceptions = []
        for res in getaddrinfo(host, port, 0, SOCK_STREAM):
            af, socktype, proto, canonname, sa = res
            sock = None
            try:
                sock = socket(af, socktype, proto)
                if timeout is not _GLOBAL_DEFAULT_TIMEOUT:
                    sock.settimeout(timeout)
                if source_address:
                    sock.bind(source_address)
>               sock.connect(sa)
E               ConnectionRefusedError: [WinError 10061] No connection could be made because the target machine actively refused it

C:\Python314\Lib\socket.py:855: ConnectionRefusedError
______________________ TestStreaming.test_aikoql_stream _______________________

self = <test_mcp_client.TestStreaming object at 0x000001F0398B56D0>
mcp_server = ('127.0.0.1:50644', 'C:\\Users\\ancku\\AppData\\Local\\Temp\\tmpqejr_7oq.redb', 'test-token')

    def test_aikoql_stream(self, mcp_server):
        host_port, _, token = mcp_server
        host, _, port = host_port.partition(":")
>       c = McpClient(host, int(port), token).connect()
            ^^^^^^^^^^^^^^^^^^^^^^^^^^^^^^^^^^^^^^^^^^^

crates\sdk\python\tests\test_mcp_client.py:184: 
_ _ _ _ _ _ _ _ _ _ _ _ _ _ _ _ _ _ _ _ _ _ _ _ _ _ _ _ _ _ _ _ _ _ _ _ _ _ _ _
crates\sdk\python\python\aikoql\mcp_client.py:61: in connect
    self._sock = socket.create_connection((self.host, self.port), timeout=timeout)
                 ^^^^^^^^^^^^^^^^^^^^^^^^^^^^^^^^^^^^^^^^^^^^^^^^^^^^^^^^^^^^^^^^^
C:\Python314\Lib\socket.py:870: in create_connection
    raise exceptions[0]
_ _ _ _ _ _ _ _ _ _ _ _ _ _ _ _ _ _ _ _ _ _ _ _ _ _ _ _ _ _ _ _ _ _ _ _ _ _ _ _

address = ('127.0.0.1', 50644), timeout = 5.0, source_address = None
all_errors = False

    def create_connection(address, timeout=_GLOBAL_DEFAULT_TIMEOUT,
                          source_address=None, *, all_errors=False):
        """Connect to *address* and return the socket object.
    
        Convenience function.  Connect to *address* (a 2-tuple ``(host,
        port)``) and return the socket object.  Passing the optional
        *timeout* parameter will set the timeout on the socket instance
        before attempting to connect.  If no *timeout* is supplied, the
        global default timeout setting returned by :func:`getdefaulttimeout`
        is used.  If *source_address* is set it must be a tuple of (host, port)
        for the socket to bind as a source address before making the connection.
        A host of '' or port 0 tells the OS to use the default. When a connection
        cannot be created, raises the last error if *all_errors* is False,
        and an ExceptionGroup of all errors if *all_errors* is True.
        """
    
        host, port = address
        exceptions = []
        for res in getaddrinfo(host, port, 0, SOCK_STREAM):
            af, socktype, proto, canonname, sa = res
            sock = None
            try:
                sock = socket(af, socktype, proto)
                if timeout is not _GLOBAL_DEFAULT_TIMEOUT:
                    sock.settimeout(timeout)
                if source_address:
                    sock.bind(source_address)
>               sock.connect(sa)
E               ConnectionRefusedError: [WinError 10061] No connection could be made because the target machine actively refused it

C:\Python314\Lib\socket.py:855: ConnectionRefusedError
_______________________ test_sdk_accepts_current_server _______________________

mcp_server = ('127.0.0.1:50650', 'C:\\Users\\ancku\\AppData\\Local\\Temp\\tmpbccxrtox.redb', 'test-token')

    def test_sdk_accepts_current_server(mcp_server):
        host_port, _, token = mcp_server
        host, _, port = host_port.partition(":")
>       c = McpClient(host, int(port), token).connect()
            ^^^^^^^^^^^^^^^^^^^^^^^^^^^^^^^^^^^^^^^^^^^

crates\sdk\python\tests\test_version_contract.py:156: 
_ _ _ _ _ _ _ _ _ _ _ _ _ _ _ _ _ _ _ _ _ _ _ _ _ _ _ _ _ _ _ _ _ _ _ _ _ _ _ _
crates\sdk\python\python\aikoql\mcp_client.py:61: in connect
    self._sock = socket.create_connection((self.host, self.port), timeout=timeout)
                 ^^^^^^^^^^^^^^^^^^^^^^^^^^^^^^^^^^^^^^^^^^^^^^^^^^^^^^^^^^^^^^^^^
C:\Python314\Lib\socket.py:870: in create_connection
    raise exceptions[0]
_ _ _ _ _ _ _ _ _ _ _ _ _ _ _ _ _ _ _ _ _ _ _ _ _ _ _ _ _ _ _ _ _ _ _ _ _ _ _ _

address = ('127.0.0.1', 50650), timeout = 5.0, source_address = None
all_errors = False

    def create_connection(address, timeout=_GLOBAL_DEFAULT_TIMEOUT,
                          source_address=None, *, all_errors=False):
        """Connect to *address* and return the socket object.
    
        Convenience function.  Connect to *address* (a 2-tuple ``(host,
        port)``) and return the socket object.  Passing the optional
        *timeout* parameter will set the timeout on the socket instance
        before attempting to connect.  If no *timeout* is supplied, the
        global default timeout setting returned by :func:`getdefaulttimeout`
        is used.  If *source_address* is set it must be a tuple of (host, port)
        for the socket to bind as a source address before making the connection.
        A host of '' or port 0 tells the OS to use the default. When a connection
        cannot be created, raises the last error if *all_errors* is False,
        and an ExceptionGroup of all errors if *all_errors* is True.
        """
    
        host, port = address
        exceptions = []
        for res in getaddrinfo(host, port, 0, SOCK_STREAM):
            af, socktype, proto, canonname, sa = res
            sock = None
            try:
                sock = socket(af, socktype, proto)
                if timeout is not _GLOBAL_DEFAULT_TIMEOUT:
                    sock.settimeout(timeout)
                if source_address:
                    sock.bind(source_address)
>               sock.connect(sa)
E               ConnectionRefusedError: [WinError 10061] No connection could be made because the target machine actively refused it

C:\Python314\Lib\socket.py:855: ConnectionRefusedError
=========================== short test summary info ===========================
FAILED crates\sdk\python\tests\test_mcp_client.py::TestMcpClient::test_connect_and_initialize
FAILED crates\sdk\python\tests\test_mcp_client.py::TestMcpClient::test_remember_and_get
FAILED crates\sdk\python\tests\test_mcp_client.py::TestMcpClient::test_session_identity
FAILED crates\sdk\python\tests\test_mcp_client.py::TestMcpClient::test_health
FAILED crates\sdk\python\tests\test_mcp_client.py::TestMcpClient::test_structured_error
FAILED crates\sdk\python\tests\test_mcp_client.py::TestAgentUnified::test_agent_connect_server_mode
FAILED crates\sdk\python\tests\test_mcp_client.py::TestAgentUnified::test_agent_health
FAILED crates\sdk\python\tests\test_mcp_client.py::TestStreaming::test_aikoql_stream
FAILED crates\sdk\python\tests\test_version_contract.py::test_sdk_accepts_current_server
9 failed, 20 passed in 26.08s
EXIT=1
