   Compiling cfg-if v1.0.4
   Compiling version_check v0.9.5
   Compiling typenum v1.20.1
   Compiling subtle v2.6.1
   Compiling cpufeatures v0.2.17
   Compiling proc-macro2 v1.0.107
   Compiling zerocopy v0.8.56
   Compiling unicode-ident v1.0.24
   Compiling getrandom v0.2.17
   Compiling quote v1.0.47
   Compiling zeroize v1.9.0
   Compiling rand_core v0.6.4
   Compiling getrandom v0.3.4
   Compiling opaque-debug v0.3.1
   Compiling serde_core v1.0.229
   Compiling generic-array v0.14.7
   Compiling getrandom v0.4.3
   Compiling regex-syntax v0.8.11
   Compiling memchr v2.8.3
   Compiling windows-link v0.2.1
   Compiling rand_core v0.9.5
   Compiling base64ct v1.8.3
   Compiling autocfg v1.5.1
   Compiling serde v1.0.229
   Compiling syn v3.0.3
   Compiling aho-corasick v1.1.5
   Compiling crypto-common v0.1.7
   Compiling inout v0.1.4
   Compiling block-buffer v0.10.4
   Compiling universal-hash v0.5.1
   Compiling cipher v0.4.4
   Compiling digest v0.10.7
   Compiling polyval v0.6.2
   Compiling aead v0.5.2
   Compiling ghash v0.5.1
   Compiling blake2 v0.10.6
   Compiling aes v0.8.4
   Compiling chacha20 v0.9.1
   Compiling ctr v0.9.2
   Compiling poly1305 v0.8.0
   Compiling num-traits v0.2.19
   Compiling regex-automata v0.4.18
   Compiling password-hash v0.5.0
   Compiling windows-sys v0.61.2
   Compiling once_cell v1.21.4
   Compiling pin-project-lite v0.2.17
   Compiling fastrand v2.5.0
   Compiling argon2 v0.5.3
   Compiling tempfile v3.27.0
   Compiling ppv-lite86 v0.2.21
   Compiling regex v1.13.1
   Compiling chacha20poly1305 v0.10.1
   Compiling aes-gcm v0.10.3
   Compiling sha2 v0.10.9
   Compiling hmac v0.12.1
   Compiling bit-vec v0.8.0
   Compiling rand_chacha v0.3.1
   Compiling wait-timeout v0.2.1
   Compiling fnv v1.0.7
   Compiling quick-error v1.2.3
   Compiling rand v0.8.7
   Compiling bit-set v0.8.0
   Compiling rusty-fork v0.3.1
   Compiling rand_chacha v0.9.0
   Compiling rand_xorshift v0.4.0
   Compiling rand v0.9.5
   Compiling bitflags v2.13.1
   Compiling unarray v0.1.4
   Compiling serde_derive v1.0.229
   Compiling tokio-macros v2.7.2
   Compiling proptest v1.11.0
   Compiling tokio v1.53.1
   Compiling aikoql-kernel v0.2.0 (C:\Users\ancku\AppData\Local\Temp\tmp.tZJyZksbQ3\tree\crates\kernel)
   Compiling aikoql-storage-v2 v0.2.0 (C:\Users\ancku\AppData\Local\Temp\tmp.tZJyZksbQ3\tree\crates\storage\aikoql-v2)
    Finished `test` profile [unoptimized + debuginfo] target(s) in 40.74s
     Running tests\config_boundaries.rs (target\debug\deps\config_boundaries-9589f6eb4642dde7.exe)

running 1 test
test config_boundary_matrix_runs_clean_and_answers_correctly ... FAILED

failures:

---- config_boundary_matrix_runs_clean_and_answers_correctly stdout ----
config memtable_bytes=0
config memtable_bytes=1
config memtable_bytes=67108863
config memtable_bytes=67108864
config memtable_bytes=67108865
config block_target=0

thread 'config_boundary_matrix_runs_clean_and_answers_correctly' (21884) panicked at crates\storage\aikoql-v2\tests\config_boundaries.rs:188:24:
called `Result::unwrap()` on an `Err` value: Invalid("target block size must be > 0")
note: run with `RUST_BACKTRACE=1` environment variable to display a backtrace


failures:
    config_boundary_matrix_runs_clean_and_answers_correctly

test result: FAILED. 0 passed; 1 failed; 0 ignored; 0 measured; 0 filtered out; finished in 0.79s

error: test failed, to rerun pass `-p aikoql-storage-v2 --test config_boundaries`
EXIT=101
