warning: linker stdout: LINK : warning LNK4098: defaultlib 'LIBCMT' conflicts with use of other libs; use /NODEFAULTLIB:library
  |
  = note: `#[warn(linker_messages)]` on by default

warning: `aikoql-runtime` (lib test) generated 1 warning
    Finished `test` profile [unoptimized + debuginfo] target(s) in 1.82s
     Running unittests src\lib.rs (target\debug\deps\aikoql_runtime-513643ed60a35319.exe)

running 1 test
test tests::filter_numeric_predicates_promote_int_float ... FAILED

failures:

---- tests::filter_numeric_predicates_promote_int_float stdout ----

thread 'tests::filter_numeric_predicates_promote_int_float' (63100) panicked at crates\runtime\src\lib.rs:1339:9:
assertion `left == right` failed: Float 1.0 == Int 1
  left: 1
 right: 2
note: run with `RUST_BACKTRACE=1` environment variable to display a backtrace


failures:
    tests::filter_numeric_predicates_promote_int_float

test result: FAILED. 0 passed; 1 failed; 0 ignored; 0 measured; 27 filtered out; finished in 0.00s

error: test failed, to rerun pass `-p aikoql-runtime --lib`
EXIT=101
