node:internal/modules/package_json_reader:316
  throw new ERR_MODULE_NOT_FOUND(packageName, fileURLToPath(base), null);
        ^

Error [ERR_MODULE_NOT_FOUND]: Cannot find package 'fast-check' imported from E:\dreams\Mnemosyne\crates\sdk\typescript\tests\fuzz-estate.test.ts
    at Object.getPackageJSONURL (node:internal/modules/package_json_reader:316:9)
    at packageResolve (node:internal/modules/esm/resolve:768:81)
    at moduleResolve (node:internal/modules/esm/resolve:858:18)
    at defaultResolve (node:internal/modules/esm/resolve:990:11)
    at #cachedDefaultResolve (node:internal/modules/esm/loader:737:20)
    at ModuleLoader.resolve (node:internal/modules/esm/loader:714:38)
    at ModuleLoader.getModuleJobForImport (node:internal/modules/esm/loader:293:38)
    at #link (node:internal/modules/esm/module_job:208:49) {
  code: 'ERR_MODULE_NOT_FOUND'
}

Node.js v24.11.1
✖ tests\fuzz-estate.test.ts (897.1599ms)
ℹ tests 1
ℹ suites 0
ℹ pass 0
ℹ fail 1
ℹ cancelled 0
ℹ skipped 0
ℹ todo 0
ℹ duration_ms 967.141

✖ failing tests:

test at tests\fuzz-estate.test.ts:1:1
✖ tests\fuzz-estate.test.ts (897.1599ms)
  'test failed'
EXIT=1
